


ARM Macro Assembler    Page 1 


    1 00000000                 AREA             RESET, DATA, READONLY
    2 00000000                 EXPORT           __Vectors
    3 00000000         __Vectors
    4 00000000 10001000        DCD              0x10001000
    5 00000004 00000000        DCD              Reset_Handler
    6 00000008                 ALIGN
    7 00000008                 AREA             mycode, CODE, READONLY
    8 00000000                 ENTRY
    9 00000000                 EXPORT           Reset_Handler
   10 00000000         Reset_Handler
   11 00000000 4811            LDR              R0, =NUM1
   12 00000002 4912            LDR              R1, =NUM2
   13 00000004 F04F 0204       MOV              R2, #4
   14 00000008 4E11            LDR              R6, =DST
   15 0000000A 2700            MOVS             R7, #0
   16 0000000C         Up
   17 0000000C F850 3B04       LDR              R3, [R0], #4
   18 00000010 F851 4B04       LDR              R4, [R1], #4
   19 00000014 EB53 0504       ADCS             R5,R3,R4
   20 00000018 F1A2 0201       SUB              R2,#1
   21 0000001C F092 0F00       TEQ              R2,#0
   22 00000020 F846 5B04       STR              R5,[R6], #4
   23 00000024 D1F2            BNE              Up
   24 00000026 E7FE    STOP    B                STOP
   25 00000028 12345678 
              ABCDEF01 
              87654321 
              FEDCBA98 NUM1    DCD              0x12345678, 0xABCDEF01, 0x87654
321, 0xFEDCBA98
   26 00000038 98765432 
              321FEDCB 
              56789ABC 
              CBA98765 NUM2    DCD              0x98765432, 0x321FEDCB, 0x56789
ABC, 0xCBA98765
   27 00000048 00000000 
              00000000 
              00000000         AREA             mydata, DATA, READWRITE
   28 00000000 00000000 
              00000000 
              00000000 
              00000000 DST     DCD              0, 0, 0, 0
   29 00000010                 END
Command Line: --debug --xref --cpu=Cortex-M3 --apcs=interwork --depend=Lab3_Q2w
riteup.d -oLab3_Q2writeup.o -IC:\Keil\ARM\RV31\INC -IC:\Keil\ARM\CMSIS\Include 
-IC:\Keil\ARM\Inc\NXP\LPC17xx --predefine="__EVAL SETA 1" --list=Lab3_Q2writeup
.lst Lab3_Q2writeup.asm



ARM Macro Assembler    Page 1 Alphabetic symbol ordering
Relocatable symbols

RESET 00000000

Symbol: RESET
   Definitions
      At line 1 in file Lab3_Q2writeup.asm
   Uses
      None
Comment: RESET unused
__Vectors 00000000

Symbol: __Vectors
   Definitions
      At line 3 in file Lab3_Q2writeup.asm
   Uses
      At line 2 in file Lab3_Q2writeup.asm
Comment: __Vectors used once
2 symbols



ARM Macro Assembler    Page 1 Alphabetic symbol ordering
Relocatable symbols

NUM1 00000028

Symbol: NUM1
   Definitions
      At line 25 in file Lab3_Q2writeup.asm
   Uses
      At line 11 in file Lab3_Q2writeup.asm
Comment: NUM1 used once
NUM2 00000038

Symbol: NUM2
   Definitions
      At line 26 in file Lab3_Q2writeup.asm
   Uses
      At line 12 in file Lab3_Q2writeup.asm
Comment: NUM2 used once
Reset_Handler 00000000

Symbol: Reset_Handler
   Definitions
      At line 10 in file Lab3_Q2writeup.asm
   Uses
      At line 5 in file Lab3_Q2writeup.asm
      At line 9 in file Lab3_Q2writeup.asm

STOP 00000026

Symbol: STOP
   Definitions
      At line 24 in file Lab3_Q2writeup.asm
   Uses
      At line 24 in file Lab3_Q2writeup.asm
Comment: STOP used once
Up 0000000C

Symbol: Up
   Definitions
      At line 16 in file Lab3_Q2writeup.asm
   Uses
      At line 23 in file Lab3_Q2writeup.asm
Comment: Up used once
mycode 00000000

Symbol: mycode
   Definitions
      At line 7 in file Lab3_Q2writeup.asm
   Uses
      None
Comment: mycode unused
6 symbols



ARM Macro Assembler    Page 1 Alphabetic symbol ordering
Relocatable symbols

DST 00000000

Symbol: DST
   Definitions
      At line 28 in file Lab3_Q2writeup.asm
   Uses
      At line 14 in file Lab3_Q2writeup.asm
Comment: DST used once
mydata 00000000

Symbol: mydata
   Definitions
      At line 27 in file Lab3_Q2writeup.asm
   Uses
      None
Comment: mydata unused
2 symbols
343 symbols in table
