


ARM Macro Assembler    Page 1 


    1 00000000                 AREA             RESET, DATA, READONLY
    2 00000000                 EXPORT           __Vectors
    3 00000000         __Vectors
    4 00000000 10001000        DCD              0x10001000
    5 00000004 00000000        DCD              Reset_Handler
    6 00000008                 ALIGN
    7 00000008                 AREA             mycode, CODE, READONLY
    8 00000000                 ENTRY
    9 00000000                 EXPORT           Reset_Handler
   10 00000000         Reset_Handler
   11 00000000 490A            LDR              R1, =HEX
   12 00000002 780A            LDRB             R2, [R1]
   13 00000004 4C0A            LDR              R4, =ASCII
   14 00000006 F04F 0A02       MOV              R10, #2
   15 0000000A         UP
   16 0000000A F002 030F       AND              R3, R2, #0x0F
   17 0000000E 2B09            CMP              R3, #9
   18 00000010 D201            BCS              NUMERIC
   19 00000012 F103 0307       ADD              R3, R3, #0x07
   20 00000016         NUMERIC
   21 00000016 F103 0337       ADD              R3, R3, #0x37
   22 0000001A F804 3B01       STRB             R3, [R4], #1
   23 0000001E EA4F 1212       LSR              R2, R2, #4
   24 00000022 F1BA 0A01       SUBS             R10, R10, #1
   25 00000026 D1F0            BNE              UP
   26 00000028 E7FE    STOP    B                STOP
   27 0000002A         
   28 0000002A 00 00 00000000 
              00000000         AREA             mydata, DATA, READWRITE
   29 00000000 000000AF 
                       HEX     DCD              0xAF
   30 00000004 00000000 
                       ASCII   DCD              0
   31 00000008                 END
Command Line: --debug --xref --cpu=Cortex-M3 --apcs=interwork --depend=Lab4_Q2w
riteup.d -oLab4_Q2writeup.o -IC:\Keil\ARM\RV31\INC -IC:\Keil\ARM\CMSIS\Include 
-IC:\Keil\ARM\Inc\NXP\LPC17xx --predefine="__EVAL SETA 1" --list=Lab4_Q2writeup
.lst Lab4_Q2writeup.asm



ARM Macro Assembler    Page 1 Alphabetic symbol ordering
Relocatable symbols

RESET 00000000

Symbol: RESET
   Definitions
      At line 1 in file Lab4_Q2writeup.asm
   Uses
      None
Comment: RESET unused
__Vectors 00000000

Symbol: __Vectors
   Definitions
      At line 3 in file Lab4_Q2writeup.asm
   Uses
      At line 2 in file Lab4_Q2writeup.asm
Comment: __Vectors used once
2 symbols



ARM Macro Assembler    Page 1 Alphabetic symbol ordering
Relocatable symbols

NUMERIC 00000016

Symbol: NUMERIC
   Definitions
      At line 20 in file Lab4_Q2writeup.asm
   Uses
      At line 18 in file Lab4_Q2writeup.asm
Comment: NUMERIC used once
Reset_Handler 00000000

Symbol: Reset_Handler
   Definitions
      At line 10 in file Lab4_Q2writeup.asm
   Uses
      At line 5 in file Lab4_Q2writeup.asm
      At line 9 in file Lab4_Q2writeup.asm

STOP 00000028

Symbol: STOP
   Definitions
      At line 26 in file Lab4_Q2writeup.asm
   Uses
      At line 26 in file Lab4_Q2writeup.asm
Comment: STOP used once
UP 0000000A

Symbol: UP
   Definitions
      At line 15 in file Lab4_Q2writeup.asm
   Uses
      At line 25 in file Lab4_Q2writeup.asm
Comment: UP used once
mycode 00000000

Symbol: mycode
   Definitions
      At line 7 in file Lab4_Q2writeup.asm
   Uses
      None
Comment: mycode unused
5 symbols



ARM Macro Assembler    Page 1 Alphabetic symbol ordering
Relocatable symbols

ASCII 00000004

Symbol: ASCII
   Definitions
      At line 30 in file Lab4_Q2writeup.asm
   Uses
      At line 13 in file Lab4_Q2writeup.asm
Comment: ASCII used once
HEX 00000000

Symbol: HEX
   Definitions
      At line 29 in file Lab4_Q2writeup.asm
   Uses
      At line 11 in file Lab4_Q2writeup.asm
Comment: HEX used once
mydata 00000000

Symbol: mydata
   Definitions
      At line 28 in file Lab4_Q2writeup.asm
   Uses
      None
Comment: mydata unused
3 symbols
343 symbols in table
