ARM Linker, 5.03 [Build 24] [MDK-ARM Lite]

==============================================================================

Section Cross References

    lab4_q2writeup.o(RESET) refers to lab4_q2writeup.o(mycode) for Reset_Handler
    lab4_q2writeup.o(mycode) refers to lab4_q2writeup.o(mydata) for HEX


==============================================================================

Image Symbol Table

    Local Symbols

    Symbol Name                              Value     Ov Type        Size  Object(Section)

    RESET                                    0x00000000   Section        8  lab4_q2writeup.o(RESET)
    Lab4_Q2writeup.asm                       0x00000000   Number         0  lab4_q2writeup.o ABSOLUTE
    mycode                                   0x00000008   Section       52  lab4_q2writeup.o(mycode)
    mydata                                   0x10000000   Section        8  lab4_q2writeup.o(mydata)
    HEX                                      0x10000000   Data           4  lab4_q2writeup.o(mydata)
    ASCII                                    0x10000004   Data           4  lab4_q2writeup.o(mydata)

    Global Symbols

    Symbol Name                              Value     Ov Type        Size  Object(Section)

    BuildAttributes$$THM_ISAv4$P$D$K$B$S$PE$A:L22UL41UL21$X:L11$S22US41US21$IEEE1$IW$USESV6$~STKCKD$USESV7$~SHL$OSPACE$EBA8$STANDARDLIB$PRES8$EABIv2 0x00000000   Number         0  anon$$obj.o ABSOLUTE
    __Vectors                                0x00000000   Data           0  lab4_q2writeup.o(RESET)
    Reset_Handler                            0x00000009   Thumb Code     0  lab4_q2writeup.o(mycode)



==============================================================================

Memory Map of the image

  Image Entry point : 0x00000009

  Load Region LR_1 (Base: 0x00000000, Size: 0x00000044, Max: 0xffffffff, ABSOLUTE)

    Execution Region ER_RO (Base: 0x00000000, Size: 0x0000003c, Max: 0xffffffff, ABSOLUTE)

    Base Addr    Size         Type   Attr      Idx    E Section Name        Object

    0x00000000   0x00000008   Data   RO            1    RESET               lab4_q2writeup.o
    0x00000008   0x00000034   Code   RO            2  * mycode              lab4_q2writeup.o


    Execution Region ER_RW (Base: 0x10000000, Size: 0x00000008, Max: 0xffffffff, ABSOLUTE)

    Base Addr    Size         Type   Attr      Idx    E Section Name        Object

    0x10000000   0x00000008   Data   RW            3    mydata              lab4_q2writeup.o


    Execution Region ER_ZI (Base: 0x10000008, Size: 0x00000000, Max: 0xffffffff, ABSOLUTE)

    **** No section assigned to this execution region ****


==============================================================================

Image component sizes


      Code (inc. data)   RO Data    RW Data    ZI Data      Debug   Object Name

        52         10          8          8          0        212   lab4_q2writeup.o

    ----------------------------------------------------------------------
        52         10          8          8          0        212   Object Totals
         0          0          0          0          0          0   (incl. Generated)
         0          0          0          0          0          0   (incl. Padding)

    ----------------------------------------------------------------------
         0          0          0          0          0          0   Library Totals
         0          0          0          0          0          0   (incl. Padding)

    ----------------------------------------------------------------------

==============================================================================


      Code (inc. data)   RO Data    RW Data    ZI Data      Debug   

        52         10          8          8          0        212   Grand Totals
        52         10          8          8          0        212   ELF Image Totals
        52         10          8          8          0          0   ROM Totals

==============================================================================

    Total RO  Size (Code + RO Data)                   60 (   0.06kB)
    Total RW  Size (RW Data + ZI Data)                 8 (   0.01kB)
    Total ROM Size (Code + RO Data + RW Data)         68 (   0.07kB)

==============================================================================

