


ARM Macro Assembler    Page 1 


    1 00000000                 AREA             RESET, DATA, READONLY
    2 00000000                 EXPORT           __Vectors
    3 00000000         __Vectors
    4 00000000 10001000        DCD              0x10001000
    5 00000004 00000000        DCD              Reset_Handler
    6 00000008                 ALIGN
    7 00000008                 AREA             mycode, CODE, READONLY
    8 00000000                 ENTRY
    9 00000000                 EXPORT           Reset_Handler
   10 00000000         Reset_Handler
   11 00000000 4807            LDR              R0, =NUM1
   12 00000002 4908            LDR              R1, =NUM2
   13 00000004 4A08            LDR              R2, =GCD
   14 00000006 6803            LDR              R3, [R0]
   15 00000008 680C            LDR              R4, [R1]
   16 0000000A         GCD_Loop
   17 0000000A 42A3            CMP              R3, R4
   18 0000000C D006            BEQ              GCD_Final
   19 0000000E 42A3            CMP              R3, R4
   20 00000010 DC00            BGT              A_Greater
   21 00000012 DB01            BLT              B_Greater
   22 00000014         A_Greater
   23 00000014 1B1B            SUBS             R3, R3, R4
   24 00000016 E7F8            B                GCD_Loop
   25 00000018         B_Greater
   26 00000018 1AE4            SUBS             R4, R4, R3
   27 0000001A E7F6            B                GCD_Loop
   28 0000001C         GCD_Final
   29 0000001C 6013            STR              R3, [R2]
   30 0000001E E7FE    STOP    B                STOP
   31 00000020         
   32 00000020 00000000 
              00000000 
              00000000         AREA             mydata, DATA, READWRITE
   33 00000000 00000064 
                       NUM1    DCD              0x64
   34 00000004 00000008 
                       NUM2    DCD              0x08
   35 00000008 00000000 
                       GCD     DCD              0
   36 0000000C                 END
Command Line: --debug --xref --cpu=Cortex-M3 --apcs=interwork --depend=Lab4_Q1w
riteup.d -oLab4_Q1writeup.o -IC:\Keil\ARM\RV31\INC -IC:\Keil\ARM\CMSIS\Include 
-IC:\Keil\ARM\Inc\NXP\LPC17xx --predefine="__EVAL SETA 1" --list=Lab4_Q1writeup
.lst Lab4_Q1writeup.asm



ARM Macro Assembler    Page 1 Alphabetic symbol ordering
Relocatable symbols

RESET 00000000

Symbol: RESET
   Definitions
      At line 1 in file Lab4_Q1writeup.asm
   Uses
      None
Comment: RESET unused
__Vectors 00000000

Symbol: __Vectors
   Definitions
      At line 3 in file Lab4_Q1writeup.asm
   Uses
      At line 2 in file Lab4_Q1writeup.asm
Comment: __Vectors used once
2 symbols



ARM Macro Assembler    Page 1 Alphabetic symbol ordering
Relocatable symbols

A_Greater 00000014

Symbol: A_Greater
   Definitions
      At line 22 in file Lab4_Q1writeup.asm
   Uses
      At line 20 in file Lab4_Q1writeup.asm
Comment: A_Greater used once
B_Greater 00000018

Symbol: B_Greater
   Definitions
      At line 25 in file Lab4_Q1writeup.asm
   Uses
      At line 21 in file Lab4_Q1writeup.asm
Comment: B_Greater used once
GCD_Final 0000001C

Symbol: GCD_Final
   Definitions
      At line 28 in file Lab4_Q1writeup.asm
   Uses
      At line 18 in file Lab4_Q1writeup.asm
Comment: GCD_Final used once
GCD_Loop 0000000A

Symbol: GCD_Loop
   Definitions
      At line 16 in file Lab4_Q1writeup.asm
   Uses
      At line 24 in file Lab4_Q1writeup.asm
      At line 27 in file Lab4_Q1writeup.asm

Reset_Handler 00000000

Symbol: Reset_Handler
   Definitions
      At line 10 in file Lab4_Q1writeup.asm
   Uses
      At line 5 in file Lab4_Q1writeup.asm
      At line 9 in file Lab4_Q1writeup.asm

STOP 0000001E

Symbol: STOP
   Definitions
      At line 30 in file Lab4_Q1writeup.asm
   Uses
      At line 30 in file Lab4_Q1writeup.asm
Comment: STOP used once
mycode 00000000

Symbol: mycode
   Definitions
      At line 7 in file Lab4_Q1writeup.asm
   Uses
      None
Comment: mycode unused
7 symbols



ARM Macro Assembler    Page 1 Alphabetic symbol ordering
Relocatable symbols

GCD 00000008

Symbol: GCD
   Definitions
      At line 35 in file Lab4_Q1writeup.asm
   Uses
      At line 13 in file Lab4_Q1writeup.asm
Comment: GCD used once
NUM1 00000000

Symbol: NUM1
   Definitions
      At line 33 in file Lab4_Q1writeup.asm
   Uses
      At line 11 in file Lab4_Q1writeup.asm
Comment: NUM1 used once
NUM2 00000004

Symbol: NUM2
   Definitions
      At line 34 in file Lab4_Q1writeup.asm
   Uses
      At line 12 in file Lab4_Q1writeup.asm
Comment: NUM2 used once
mydata 00000000

Symbol: mydata
   Definitions
      At line 32 in file Lab4_Q1writeup.asm
   Uses
      None
Comment: mydata unused
4 symbols
346 symbols in table
