


ARM Macro Assembler    Page 1 


    1 00000000                 AREA             RESET, DATA, READONLY
    2 00000000                 EXPORT           __Vectors
    3 00000000         __Vectors
    4 00000000 10001000        DCD              0x10001000
    5 00000004 00000000        DCD              Reset_Handler
    6 00000008                 ALIGN
    7 00000008                 AREA             mycode, CODE, READONLY
    8 00000000                 ENTRY
    9 00000000                 EXPORT           Reset_Handler
   10 00000000         Reset_Handler
   11 00000000 F04F 0405       LDR              R4, =5
   12 00000004 4805            LDR              R0, =DST
   13 00000006 4906            LDR              R1, =DST+36
   14 00000008         Up
   15 00000008 6802            LDR              R2, [R0]
   16 0000000A 680B            LDR              R3, [R1]
   17 0000000C F841 2904       STR              R2, [R1], #-4
   18 00000010 F840 3B04       STR              R3, [R0], #4
   19 00000014 3C01            SUBS             R4, #1
   20 00000016 D1F7            BNE              Up
   21 00000018 E7FE    STOP    B                STOP
   22 0000001A         
   23 0000001A 00 00 00000000 
              00000024         AREA             mydata, DATA, READWRITE
   24 00000000 12345678 
              23095340 
              34567890 
              ABCDE123 
              123ABCDE 
              FEDCBA12 
              89FEDCBA 
              24ACDF67 
              DCBF2345 
              567783AC DST     DCD              0x12345678, 0x23095340, 0x34567
890, 0xABCDE123, 0x123ABCDE, 0xFEDCBA12, 0x89FEDCBA, 0x24ACDF67, 0xDCBF2345, 0x
567783AC
   25 00000028                 END
Command Line: --debug --xref --cpu=Cortex-M3 --apcs=interwork --depend=Lab2_Q2_
writeup.d -oLab2_Q2_writeup.o -IC:\Keil\ARM\RV31\INC -IC:\Keil\ARM\CMSIS\Includ
e -IC:\Keil\ARM\Inc\NXP\LPC17xx --predefine="__EVAL SETA 1" --list=Lab2_Q2_writ
eup.lst Lab2_Q2_writeup.asm



ARM Macro Assembler    Page 1 Alphabetic symbol ordering
Relocatable symbols

RESET 00000000

Symbol: RESET
   Definitions
      At line 1 in file Lab2_Q2_writeup.asm
   Uses
      None
Comment: RESET unused
__Vectors 00000000

Symbol: __Vectors
   Definitions
      At line 3 in file Lab2_Q2_writeup.asm
   Uses
      At line 2 in file Lab2_Q2_writeup.asm
Comment: __Vectors used once
2 symbols



ARM Macro Assembler    Page 1 Alphabetic symbol ordering
Relocatable symbols

Reset_Handler 00000000

Symbol: Reset_Handler
   Definitions
      At line 10 in file Lab2_Q2_writeup.asm
   Uses
      At line 5 in file Lab2_Q2_writeup.asm
      At line 9 in file Lab2_Q2_writeup.asm

STOP 00000018

Symbol: STOP
   Definitions
      At line 21 in file Lab2_Q2_writeup.asm
   Uses
      At line 21 in file Lab2_Q2_writeup.asm
Comment: STOP used once
Up 00000008

Symbol: Up
   Definitions
      At line 14 in file Lab2_Q2_writeup.asm
   Uses
      At line 20 in file Lab2_Q2_writeup.asm
Comment: Up used once
mycode 00000000

Symbol: mycode
   Definitions
      At line 7 in file Lab2_Q2_writeup.asm
   Uses
      None
Comment: mycode unused
4 symbols



ARM Macro Assembler    Page 1 Alphabetic symbol ordering
Relocatable symbols

DST 00000000

Symbol: DST
   Definitions
      At line 24 in file Lab2_Q2_writeup.asm
   Uses
      At line 12 in file Lab2_Q2_writeup.asm
      At line 13 in file Lab2_Q2_writeup.asm

mydata 00000000

Symbol: mydata
   Definitions
      At line 23 in file Lab2_Q2_writeup.asm
   Uses
      None
Comment: mydata unused
2 symbols
341 symbols in table
