ARM Linker, 5.03 [Build 24] [MDK-ARM Lite]

==============================================================================

Section Cross References

    lab2_q2_writeup.o(RESET) refers to lab2_q2_writeup.o(mycode) for Reset_Handler
    lab2_q2_writeup.o(mycode) refers to lab2_q2_writeup.o(mydata) for DST


==============================================================================

Image Symbol Table

    Local Symbols

    Symbol Name                              Value     Ov Type        Size  Object(Section)

    RESET                                    0x00000000   Section        8  lab2_q2_writeup.o(RESET)
    Lab2_Q2_writeup.asm                      0x00000000   Number         0  lab2_q2_writeup.o ABSOLUTE
    mycode                                   0x00000008   Section       36  lab2_q2_writeup.o(mycode)
    mydata                                   0x10000000   Section       40  lab2_q2_writeup.o(mydata)
    DST                                      0x10000000   Data          40  lab2_q2_writeup.o(mydata)

    Global Symbols

    Symbol Name                              Value     Ov Type        Size  Object(Section)

    BuildAttributes$$THM_ISAv4$P$D$K$B$S$PE$A:L22UL41UL21$X:L11$S22US41US21$IEEE1$IW$USESV6$~STKCKD$USESV7$~SHL$OSPACE$EBA8$STANDARDLIB$PRES8$EABIv2 0x00000000   Number         0  anon$$obj.o ABSOLUTE
    __Vectors                                0x00000000   Data           0  lab2_q2_writeup.o(RESET)
    Reset_Handler                            0x00000009   Thumb Code     0  lab2_q2_writeup.o(mycode)



==============================================================================

Memory Map of the image

  Image Entry point : 0x00000009

  Load Region LR_1 (Base: 0x00000000, Size: 0x00000054, Max: 0xffffffff, ABSOLUTE)

    Execution Region ER_RO (Base: 0x00000000, Size: 0x0000002c, Max: 0xffffffff, ABSOLUTE)

    Base Addr    Size         Type   Attr      Idx    E Section Name        Object

    0x00000000   0x00000008   Data   RO            1    RESET               lab2_q2_writeup.o
    0x00000008   0x00000024   Code   RO            2  * mycode              lab2_q2_writeup.o


    Execution Region ER_RW (Base: 0x10000000, Size: 0x00000028, Max: 0xffffffff, ABSOLUTE)

    Base Addr    Size         Type   Attr      Idx    E Section Name        Object

    0x10000000   0x00000028   Data   RW            3    mydata              lab2_q2_writeup.o


    Execution Region ER_ZI (Base: 0x10000028, Size: 0x00000000, Max: 0xffffffff, ABSOLUTE)

    **** No section assigned to this execution region ****


==============================================================================

Image component sizes


      Code (inc. data)   RO Data    RW Data    ZI Data      Debug   Object Name

        36         10          8         40          0        212   lab2_q2_writeup.o

    ----------------------------------------------------------------------
        36         10          8         40          0        212   Object Totals
         0          0          0          0          0          0   (incl. Generated)
         0          0          0          0          0          0   (incl. Padding)

    ----------------------------------------------------------------------
         0          0          0          0          0          0   Library Totals
         0          0          0          0          0          0   (incl. Padding)

    ----------------------------------------------------------------------

==============================================================================


      Code (inc. data)   RO Data    RW Data    ZI Data      Debug   

        36         10          8         40          0        212   Grand Totals
        36         10          8         40          0        212   ELF Image Totals
        36         10          8         40          0          0   ROM Totals

==============================================================================

    Total RO  Size (Code + RO Data)                   44 (   0.04kB)
    Total RW  Size (RW Data + ZI Data)                40 (   0.04kB)
    Total ROM Size (Code + RO Data + RW Data)         84 (   0.08kB)

==============================================================================

