


ARM Macro Assembler    Page 1 


    1 00000000         ;2. Write an assembly program to find the factorial of a
                        unsigned number using recursion.
    2 00000000                 AREA             RESET, DATA, READONLY ;Factoria
                                                            l of a number using
                                                             recursion
    3 00000000                 EXPORT           __Vectors
    4 00000000         __Vectors
    5 00000000 10001000        DCD              0x10001000
    6 00000004 00000000        DCD              Reset_Handler
    7 00000008                 ALIGN
    8 00000008                 AREA             MyCode, CODE, READONLY
    9 00000000                 EXPORT           Reset_Handler
   10 00000000                 ENTRY
   11 00000000         
   12 00000000         Reset_Handler
   13 00000000 480B            LDR              R0, =NUM
   14 00000002 6801            LDR              R1, [R0]
   15 00000004 F000 F803       BL               fact
   16 00000008 480A            LDR              R0, =RESULT
   17 0000000A 6002            STR              R2, [R0]
   18 0000000C E7FE    STOP    B                STOP
   19 0000000E         fact
   20 0000000E 2901            CMP              R1, #1
   21 00000010 D00B            BEQ              exit_fact
   22 00000012 B500            PUSH             {lr}
   23 00000014 B402            PUSH             {R1}
   24 00000016 F1A1 0101       SUB              R1, R1, #1
   25 0000001A F7FF FFF8       BL               fact
   26 0000001E BC02            POP              {R1}
   27 00000020 F85D EB04       POP              {lr}
   28 00000024 FB01 F202       MUL              R2, R1, R2
   29 00000028 4770            BX               lr
   30 0000002A         
   31 0000002A         exit_fact
   32 0000002A F04F 0201       MOV              R2, #1
   33 0000002E 4770            BX               lr
   34 00000030         
   35 00000030 00000000 
              00000000         AREA             MyData, DATA, READWRITE
   36 00000000 00000005 
                       NUM     DCD              5
   37 00000004 00000000 
                       RESULT  DCD              0
   38 00000008                 END
Command Line: --debug --xref --cpu=Cortex-M3 --apcs=interwork --depend=Lab5_Q2w
riteup.d -oLab5_Q2writeup.o -IC:\Keil\ARM\RV31\INC -IC:\Keil\ARM\CMSIS\Include 
-IC:\Keil\ARM\Inc\NXP\LPC17xx --predefine="__EVAL SETA 1" --list=Lab5_Q2writeup
.lst Lab5_Q2writeup.asm



ARM Macro Assembler    Page 1 Alphabetic symbol ordering
Relocatable symbols

RESET 00000000

Symbol: RESET
   Definitions
      At line 2 in file Lab5_Q2writeup.asm
   Uses
      None
Comment: RESET unused
__Vectors 00000000

Symbol: __Vectors
   Definitions
      At line 4 in file Lab5_Q2writeup.asm
   Uses
      At line 3 in file Lab5_Q2writeup.asm
Comment: __Vectors used once
2 symbols



ARM Macro Assembler    Page 1 Alphabetic symbol ordering
Relocatable symbols

MyCode 00000000

Symbol: MyCode
   Definitions
      At line 8 in file Lab5_Q2writeup.asm
   Uses
      None
Comment: MyCode unused
Reset_Handler 00000000

Symbol: Reset_Handler
   Definitions
      At line 12 in file Lab5_Q2writeup.asm
   Uses
      At line 6 in file Lab5_Q2writeup.asm
      At line 9 in file Lab5_Q2writeup.asm

STOP 0000000C

Symbol: STOP
   Definitions
      At line 18 in file Lab5_Q2writeup.asm
   Uses
      At line 18 in file Lab5_Q2writeup.asm
Comment: STOP used once
exit_fact 0000002A

Symbol: exit_fact
   Definitions
      At line 31 in file Lab5_Q2writeup.asm
   Uses
      At line 21 in file Lab5_Q2writeup.asm
Comment: exit_fact used once
fact 0000000E

Symbol: fact
   Definitions
      At line 19 in file Lab5_Q2writeup.asm
   Uses
      At line 15 in file Lab5_Q2writeup.asm
      At line 25 in file Lab5_Q2writeup.asm

5 symbols



ARM Macro Assembler    Page 1 Alphabetic symbol ordering
Relocatable symbols

MyData 00000000

Symbol: MyData
   Definitions
      At line 35 in file Lab5_Q2writeup.asm
   Uses
      None
Comment: MyData unused
NUM 00000000

Symbol: NUM
   Definitions
      At line 36 in file Lab5_Q2writeup.asm
   Uses
      At line 13 in file Lab5_Q2writeup.asm
Comment: NUM used once
RESULT 00000004

Symbol: RESULT
   Definitions
      At line 37 in file Lab5_Q2writeup.asm
   Uses
      At line 16 in file Lab5_Q2writeup.asm
Comment: RESULT used once
3 symbols
343 symbols in table
