ARM Linker, 5.03 [Build 24] [MDK-ARM Lite]

==============================================================================

Section Cross References

    lab5_q2writeup.o(RESET) refers to lab5_q2writeup.o(MyCode) for Reset_Handler
    lab5_q2writeup.o(MyCode) refers to lab5_q2writeup.o(MyData) for NUM


==============================================================================

Image Symbol Table

    Local Symbols

    Symbol Name                              Value     Ov Type        Size  Object(Section)

    RESET                                    0x00000000   Section        8  lab5_q2writeup.o(RESET)
    Lab5_Q2writeup.asm                       0x00000000   Number         0  lab5_q2writeup.o ABSOLUTE
    MyCode                                   0x00000008   Section       56  lab5_q2writeup.o(MyCode)
    MyData                                   0x10000000   Section        8  lab5_q2writeup.o(MyData)
    NUM                                      0x10000000   Data           4  lab5_q2writeup.o(MyData)
    RESULT                                   0x10000004   Data           4  lab5_q2writeup.o(MyData)

    Global Symbols

    Symbol Name                              Value     Ov Type        Size  Object(Section)

    BuildAttributes$$THM_ISAv4$P$D$K$B$S$PE$A:L22UL41UL21$X:L11$S22US41US21$IEEE1$IW$USESV6$~STKCKD$USESV7$~SHL$OSPACE$EBA8$STANDARDLIB$EABIv2 0x00000000   Number         0  anon$$obj.o ABSOLUTE
    __Vectors                                0x00000000   Data           0  lab5_q2writeup.o(RESET)
    Reset_Handler                            0x00000009   Thumb Code     0  lab5_q2writeup.o(MyCode)



==============================================================================

Memory Map of the image

  Image Entry point : 0x00000009

  Load Region LR_1 (Base: 0x00000000, Size: 0x00000048, Max: 0xffffffff, ABSOLUTE)

    Execution Region ER_RO (Base: 0x00000000, Size: 0x00000040, Max: 0xffffffff, ABSOLUTE)

    Base Addr    Size         Type   Attr      Idx    E Section Name        Object

    0x00000000   0x00000008   Data   RO            1    RESET               lab5_q2writeup.o
    0x00000008   0x00000038   Code   RO            2  * MyCode              lab5_q2writeup.o


    Execution Region ER_RW (Base: 0x10000000, Size: 0x00000008, Max: 0xffffffff, ABSOLUTE)

    Base Addr    Size         Type   Attr      Idx    E Section Name        Object

    0x10000000   0x00000008   Data   RW            3    MyData              lab5_q2writeup.o


    Execution Region ER_ZI (Base: 0x10000008, Size: 0x00000000, Max: 0xffffffff, ABSOLUTE)

    **** No section assigned to this execution region ****


==============================================================================

Image component sizes


      Code (inc. data)   RO Data    RW Data    ZI Data      Debug   Object Name

        56          8          8          8          0        216   lab5_q2writeup.o

    ----------------------------------------------------------------------
        56          8          8          8          0        216   Object Totals
         0          0          0          0          0          0   (incl. Generated)
         0          0          0          0          0          0   (incl. Padding)

    ----------------------------------------------------------------------
         0          0          0          0          0          0   Library Totals
         0          0          0          0          0          0   (incl. Padding)

    ----------------------------------------------------------------------

==============================================================================


      Code (inc. data)   RO Data    RW Data    ZI Data      Debug   

        56          8          8          8          0        216   Grand Totals
        56          8          8          8          0        216   ELF Image Totals
        56          8          8          8          0          0   ROM Totals

==============================================================================

    Total RO  Size (Code + RO Data)                   64 (   0.06kB)
    Total RW  Size (RW Data + ZI Data)                 8 (   0.01kB)
    Total ROM Size (Code + RO Data + RW Data)         72 (   0.07kB)

==============================================================================

