ARM Linker, 5.03 [Build 24] [MDK-ARM Lite]

==============================================================================

Section Cross References

    lab5_q1writeup.o(RESET) refers to lab5_q1writeup.o(mycode) for Reset_Handler
    lab5_q1writeup.o(mycode) refers to lab5_q1writeup.o(mydata) for SRC


==============================================================================

Image Symbol Table

    Local Symbols

    Symbol Name                              Value     Ov Type        Size  Object(Section)

    RESET                                    0x00000000   Section        8  lab5_q1writeup.o(RESET)
    Lab5_Q1writeup.asm                       0x00000000   Number         0  lab5_q1writeup.o ABSOLUTE
    mycode                                   0x00000008   Section       80  lab5_q1writeup.o(mycode)
    mydata                                   0x10000000   Section       40  lab5_q1writeup.o(mydata)
    SRC                                      0x10000000   Data          40  lab5_q1writeup.o(mydata)

    Global Symbols

    Symbol Name                              Value     Ov Type        Size  Object(Section)

    BuildAttributes$$THM_ISAv4$P$D$K$B$S$PE$A:L22UL41UL21$X:L11$S22US41US21$IEEE1$IW$USESV6$~STKCKD$USESV7$~SHL$OSPACE$EBA8$STANDARDLIB$PRES8$EABIv2 0x00000000   Number         0  anon$$obj.o ABSOLUTE
    __Vectors                                0x00000000   Data           0  lab5_q1writeup.o(RESET)
    Reset_Handler                            0x00000009   Thumb Code     0  lab5_q1writeup.o(mycode)



==============================================================================

Memory Map of the image

  Image Entry point : 0x00000009

  Load Region LR_1 (Base: 0x00000000, Size: 0x00000080, Max: 0xffffffff, ABSOLUTE)

    Execution Region ER_RO (Base: 0x00000000, Size: 0x00000058, Max: 0xffffffff, ABSOLUTE)

    Base Addr    Size         Type   Attr      Idx    E Section Name        Object

    0x00000000   0x00000008   Data   RO            1    RESET               lab5_q1writeup.o
    0x00000008   0x00000050   Code   RO            2  * mycode              lab5_q1writeup.o


    Execution Region ER_RW (Base: 0x10000000, Size: 0x00000028, Max: 0xffffffff, ABSOLUTE)

    Base Addr    Size         Type   Attr      Idx    E Section Name        Object

    0x10000000   0x00000028   Data   RW            3    mydata              lab5_q1writeup.o


    Execution Region ER_ZI (Base: 0x10000028, Size: 0x00000000, Max: 0xffffffff, ABSOLUTE)

    **** No section assigned to this execution region ****


==============================================================================

Image component sizes


      Code (inc. data)   RO Data    RW Data    ZI Data      Debug   Object Name

        80          4          8         40          0        224   lab5_q1writeup.o

    ----------------------------------------------------------------------
        80          4          8         40          0        224   Object Totals
         0          0          0          0          0          0   (incl. Generated)
         0          0          0          0          0          0   (incl. Padding)

    ----------------------------------------------------------------------
         0          0          0          0          0          0   Library Totals
         0          0          0          0          0          0   (incl. Padding)

    ----------------------------------------------------------------------

==============================================================================


      Code (inc. data)   RO Data    RW Data    ZI Data      Debug   

        80          4          8         40          0        224   Grand Totals
        80          4          8         40          0        224   ELF Image Totals
        80          4          8         40          0          0   ROM Totals

==============================================================================

    Total RO  Size (Code + RO Data)                   88 (   0.09kB)
    Total RW  Size (RW Data + ZI Data)                40 (   0.04kB)
    Total ROM Size (Code + RO Data + RW Data)        128 (   0.13kB)

==============================================================================

